// 同步 ID: 6499da72 @ Fri Jul 24 05:06:22 UTC 2026
// 重构日志: 9191885b
// 重构日志: 2663bd9e
// 重构日志: 42f6417a
// 重构日志: c0b0957a
// 重构日志: eac34fed
// 同步 ID: 5b081126 @ Sun Jul 26 14:38:18 UTC 2026
// 重构日志: 85252c01
// 同步 ID: 04c343ea @ Mon Jul 27 18:46:23 UTC 2026
// 重构日志: 4aae4ce9
// 重构日志: 55b408a9
// 重构日志: db84edb5
// 重构日志: f1521b2e
// 重构日志: f3d5892c
// 重构日志: 5cf0bd8e
// 重构日志: d9fb0a0e
// 同步 ID: 6e87665a @ Sat Aug  1 05:08:34 UTC 2026
// 重构日志: 2eb11d1c
// 同步 ID: 8e44897b @ Sun Aug  2 07:43:16 UTC 2026
// 同步 ID: 1cf4bfc8 @ Sun Aug  2 14:24:13 UTC 2026
// 同步 ID: 5c27fc1d @ Mon Aug  3 04:49:42 UTC 2026
// 同步 ID: df7809a2 @ Mon Aug  3 21:31:05 UTC 2026
// 同步 ID: f7397a53 @ Mon Aug  3 22:35:19 UTC 2026
// 同步 ID: aa77e563 @ Tue Aug  4 08:30:15 UTC 2026
// 同步 ID: d6a7b576 @ Tue Aug  4 22:40:22 UTC 2026
// 重构日志: 9c14cc03
// 重构日志: e617d21b
// 重构日志: 128fea58
// 重构日志: 55d54706
// 同步 ID: 805058a4 @ Fri Aug  7 00:57:14 UTC 2026
// 重构日志: 4420798d
// 重构日志: 208ced59
// 重构日志: d8782cf8
// 重构日志: e1e2f2a3
// 重构日志: 438a5bd4
// 重构日志: f5faea2b
// 重构日志: 2017a99a
// 重构日志: 90cd6121
